[
  {
    "argv": [
      "crystalline-lint",
      "--checks",
      "v15,v26",
      "."
    ],
    "cwd": "/repos/Antigravity/typst-crystalline",
    "started_at": "2026-09-07T13:56:13.782531+00:00",
    "duration_ns": 804690942,
    "exit_code": 0,
    "head": "8eb41b769eb840c7ab1063f981f98fdd4047952b",
    "diff_before_sha256": "a35e9aafb6a256f3a72c773e05d772d9c089fe67e8b0a1f8c98bc39d90af5525",
    "diff_after_sha256": "a35e9aafb6a256f3a72c773e05d772d9c089fe67e8b0a1f8c98bc39d90af5525",
    "diff_after_stat": " 00_nucleo/prompts/compiler/eval.md                 |  47 +++\n .../prompts/compiler/eval/bindings/field_access.md |  80 +++++\n 00_nucleo/prompts/compiler/eval/modules.md         |  83 +++++\n 00_nucleo/prompts/compiler/eval/repr.md            |  81 ++++-\n 00_nucleo/prompts/compiler/eval/tests.md           | 176 +++++++++-\n 01_core/src/compiler/eval/bindings/field_access.rs |   4 +-\n 01_core/src/compiler/eval/tests.rs                 | 382 ++++++++++++++++++++-\n 7 files changed, 847 insertions(+), 6 deletions(-)\n",
    "stdout": "✓ No violations found\n",
    "stderr": "",
    "stdout_sha256": "91a6d3da4ea876cf1389727cd10abe41cf117fa0295b588912b258b93118f0ac",
    "stderr_sha256": "e3b0c44298fc1c149afbf4c8996fb92427ae41e4649b934ca495991b7852b855"
  },
  {
    "argv": [
      "crystalline-lint",
      "--fix-hashes",
      "."
    ],
    "cwd": "/repos/Antigravity/typst-crystalline",
    "started_at": "2026-09-07T13:58:04.563306+00:00",
    "duration_ns": 1616035736,
    "exit_code": 0,
    "head": "8eb41b769eb840c7ab1063f981f98fdd4047952b",
    "diff_before_sha256": "ac7a120e8457c6502e125e90dce01f706f06578945ada714e916978b6f83d22c",
    "diff_after_sha256": "f054511fb236a1c7609d94a5a281228c71e259b71106926e27361c812216bc1d",
    "diff_after_stat": " 00_nucleo/prompts/compiler/eval.md                 |  47 +++\n .../prompts/compiler/eval/bindings/field_access.md |  80 +++++\n 00_nucleo/prompts/compiler/eval/modules.md         |  85 ++++-\n 00_nucleo/prompts/compiler/eval/repr.md            |  83 ++++-\n 00_nucleo/prompts/compiler/eval/tests.md           | 176 +++++++++-\n 01_core/src/compiler/eval/bindings/field_access.rs |   4 +-\n 01_core/src/compiler/eval/mod.rs                   |   2 +-\n 01_core/src/compiler/eval/modules.rs               |   2 +-\n 01_core/src/compiler/eval/repr.rs                  |   2 +-\n 01_core/src/compiler/eval/tests.rs                 | 382 ++++++++++++++++++++-\n 10 files changed, 852 insertions(+), 11 deletions(-)\n",
    "stdout": "Applied ./01_core/src/compiler/eval/mod.rs prompt=00_nucleo/prompts/compiler/eval.md hash-a=2493828f hash-b=38aa5e89\nApplied ./01_core/src/compiler/eval/modules.rs prompt=00_nucleo/prompts/compiler/eval/modules.md hash-a=d5d3ad4f hash-b=589ad79e\nApplied ./01_core/src/compiler/eval/repr.rs prompt=00_nucleo/prompts/compiler/eval/repr.md hash-a=d9ff5309 hash-b=8ea0d06c\nApplied ./01_core/src/compiler/eval/tests.rs prompt=00_nucleo/prompts/compiler/eval/tests.md hash-a=7234ef9d hash-b=e2f2a9f6\n\nRe-running analysis... ✅ 0 drift warnings remaining\n",
    "stderr": "",
    "stdout_sha256": "786d31e97e47a9e27ad5ef78bd4539b33eed4b9c5b73cbcffdf857d4da9f0429",
    "stderr_sha256": "e3b0c44298fc1c149afbf4c8996fb92427ae41e4649b934ca495991b7852b855"
  },
  {
    "argv": [
      "crystalline-lint",
      "--fix-hashes",
      "--dry-run",
      "."
    ],
    "cwd": "/repos/Antigravity/typst-crystalline",
    "started_at": "2026-09-07T13:58:35.934889+00:00",
    "duration_ns": 891051608,
    "exit_code": 0,
    "head": "8eb41b769eb840c7ab1063f981f98fdd4047952b",
    "diff_before_sha256": "f054511fb236a1c7609d94a5a281228c71e259b71106926e27361c812216bc1d",
    "diff_after_sha256": "f054511fb236a1c7609d94a5a281228c71e259b71106926e27361c812216bc1d",
    "diff_after_stat": " 00_nucleo/prompts/compiler/eval.md                 |  47 +++\n .../prompts/compiler/eval/bindings/field_access.md |  80 +++++\n 00_nucleo/prompts/compiler/eval/modules.md         |  85 ++++-\n 00_nucleo/prompts/compiler/eval/repr.md            |  83 ++++-\n 00_nucleo/prompts/compiler/eval/tests.md           | 176 +++++++++-\n 01_core/src/compiler/eval/bindings/field_access.rs |   4 +-\n 01_core/src/compiler/eval/mod.rs                   |   2 +-\n 01_core/src/compiler/eval/modules.rs               |   2 +-\n 01_core/src/compiler/eval/repr.rs                  |   2 +-\n 01_core/src/compiler/eval/tests.rs                 | 382 ++++++++++++++++++++-\n 10 files changed, 852 insertions(+), 11 deletions(-)\n",
    "stdout": "Nothing to fix\n",
    "stderr": "",
    "stdout_sha256": "bf3511c5c7cb1a9202071d8a2d60204a30f29cc11ee58ff2963a063a9f835b25",
    "stderr_sha256": "e3b0c44298fc1c149afbf4c8996fb92427ae41e4649b934ca495991b7852b855"
  },
  {
    "argv": [
      "crystalline-lint",
      "--fix-hashes",
      "."
    ],
    "cwd": "/repos/Antigravity/typst-crystalline",
    "started_at": "2026-09-07T14:04:10.444272+00:00",
    "duration_ns": 1651957899,
    "exit_code": 0,
    "head": "8eb41b769eb840c7ab1063f981f98fdd4047952b",
    "diff_before_sha256": "5cfadf2d25d50c5d7bf3d06ba1659f77f57b7e28d1a4b4d8d4a4361129daa60c",
    "diff_after_sha256": "5cfadf2d25d50c5d7bf3d06ba1659f77f57b7e28d1a4b4d8d4a4361129daa60c",
    "diff_after_stat": " 00_nucleo/prompts/compiler/eval.md                 |   47 +\n .../prompts/compiler/eval/bindings/field_access.md |   80 +\n 00_nucleo/prompts/compiler/eval/modules.md         |   85 +-\n 00_nucleo/prompts/compiler/eval/repr.md            |   83 +-\n 00_nucleo/prompts/compiler/eval/tests.md           |  176 ++-\n 01_core/src/compiler/eval/bindings/field_access.rs |    4 +-\n 01_core/src/compiler/eval/mod.rs                   |    2 +-\n 01_core/src/compiler/eval/modules.rs               |    2 +-\n 01_core/src/compiler/eval/repr.rs                  |    4 +-\n 01_core/src/compiler/eval/tests.rs                 | 1625 +++++++++++++++++++-\n 10 files changed, 2096 insertions(+), 12 deletions(-)\n",
    "stdout": "Nothing to fix\n",
    "stderr": "",
    "stdout_sha256": "bf3511c5c7cb1a9202071d8a2d60204a30f29cc11ee58ff2963a063a9f835b25",
    "stderr_sha256": "e3b0c44298fc1c149afbf4c8996fb92427ae41e4649b934ca495991b7852b855"
  }
]
