{
  "role": "MEDIDOR_REFINAMENTOS_D_E",
  "attestation": "executado sem atestação de isolamento técnico",
  "manifest_sha256": null,
  "measurement_script_sha256": "b499bdbb6fd3f0931675e2319b093a89f628c5caf95ff8ed87a408ad161e17ee",
  "assembly_script_sha256": "1567f79d556877835951de3f459e19b6ebdae0b85ee46ee0d5f929b6bedc4a61",
  "binary_hashes": {
    "vanilla": {
      "path": "/usr/local/bin/typst",
      "sha256": "7b4f40c56d6fa95082ebcfd893e275d418ebcaed1b97b62785f78284c63ff7b8"
    },
    "crystalline": {
      "path": "/dev/shm/p1304-build.3xt5tH/release/typst",
      "sha256": "a31da4d06bf6f51e1d690a2c186c39bb78fd46a7a06de607d25168474c533668"
    }
  },
  "artifacts": {
    "p1304-repr-refinement.json": "6b300e95e456fd36828e68f8b15889af2a8184e514ee5be57ad2c8c1c0b4f6d2",
    "p1304-encode-readiness.json": "156f56b9f65ad5fd4310aa7785d4667c1f2c20e13f3f5c8be43b280700e7b950"
  },
  "full_logs": "Every execution stdout/stderr/argv/exit/hash/time retained in corresponding JSON runs.",
  "cost": {
    "D": {
      "probes": 33,
      "profiles": 4,
      "bilateral_comparisons": 132,
      "runs": 264,
      "runtime_classes": {
        "DIFFERENT_VALUE": 76,
        "MATCH_DIAGNOSTIC": 20,
        "MATCH_VALUE": 36
      }
    },
    "E": {
      "probes": 114,
      "profiles": 4,
      "bilateral_comparisons": 456,
      "runs": 912,
      "runtime_classes": {
        "VANILLA_ONLY": 348,
        "MATCH_VALUE": 12,
        "DIFFERENT_DIAGNOSTIC": 96
      }
    }
  },
  "preliminary_trials": "Read-only vanilla pilots established full public channel projection and a 25-byte no-import/no-function WASM memory export. Empty 8-byte WASM pilot failed with public error plugin does not export its memory; corrected before frozen suite. Controlled named import fixture succeeded.",
  "runtime_access": "Initial crystalline launch in sandbox found RAM path absent; require_escalated launch reached supplied host RAM path. No build/reuse of repo target binary."
}
