   Compiling syntect v5.3.0
   Compiling hayagriva v0.9.1
   Compiling libdeflate-sys v1.23.0
   Compiling linux-raw-sys v0.4.15
   Compiling rustix v0.38.44
   Compiling radium v0.7.0
   Compiling bitvec v1.0.1
   Compiling terminal_size v0.4.1
   Compiling clap_builder v4.5.27
   Compiling two-face v0.4.3
   Compiling typst-library v0.14.2 (/home/dikluwe/Documentos/Antigravity/typst-crystalline/20_lab/crates/typst-library)
   Compiling clap v4.5.28
   Compiling libdeflater v1.23.0
   Compiling oxipng v9.1.3
   Compiling typst-svg v0.14.2 (/home/dikluwe/Documentos/Antigravity/typst-crystalline/20_lab/crates/typst-svg)
   Compiling typst-eval v0.14.2 (/home/dikluwe/Documentos/Antigravity/typst-crystalline/20_lab/crates/typst-eval)
   Compiling typst-realize v0.14.2 (/home/dikluwe/Documentos/Antigravity/typst-crystalline/20_lab/crates/typst-realize)
   Compiling typst-layout v0.14.2 (/home/dikluwe/Documentos/Antigravity/typst-crystalline/20_lab/crates/typst-layout)
   Compiling typst-kit v0.14.2 (/home/dikluwe/Documentos/Antigravity/typst-crystalline/20_lab/crates/typst-kit)
   Compiling typst-render v0.14.2 (/home/dikluwe/Documentos/Antigravity/typst-crystalline/20_lab/crates/typst-render)
   Compiling typst-pdf v0.14.2 (/home/dikluwe/Documentos/Antigravity/typst-crystalline/20_lab/crates/typst-pdf)
   Compiling typst-html v0.14.2 (/home/dikluwe/Documentos/Antigravity/typst-crystalline/20_lab/crates/typst-html)
   Compiling typst v0.14.2 (/home/dikluwe/Documentos/Antigravity/typst-crystalline/20_lab/crates/typst)
   Compiling typst-tests v0.14.2 (/home/dikluwe/Documentos/Antigravity/typst-crystalline/20_lab/tests)
    Finished `test` profile [unoptimized + debuginfo] target(s) in 53.14s
     Running src/tests.rs (target/debug/deps/tests-2624cffa028b7a12)
❌ issue-7257-break-tags-show-par-none (tests/suite/pdftags/break.typ:29)
  mismatched message (tests/suite/pdftags/break.typ:31):
    annotated | internal error: tags weren't properly closed (occurred at crates/typst-pdf/src/tags/tree/build.rs:185:9)
    emitted   | internal error: tags weren't properly closed (occurred at 20_lab/crates/typst-pdf/src/tags/tree/build.rs:185:9)
3248 passed, 1 failed, 0 skipped
  pass '--update' to update error annotations or reference outputs
  for a rich diff, view tests/store/report.html
error: test failed, to rerun pass `-p typst-tests --test tests`

Caused by:
  process didn't exit successfully: `/home/dikluwe/Documentos/Antigravity/typst-crystalline/target/debug/deps/tests-2624cffa028b7a12` (exit status: 1)
