Preparing worktree (detached HEAD c9df6fdee)
HEAD is now at c9df6fdee docs(math): Passo 921 - relatorio final (Fase C, benchmark, nota de fecho da ronda)
   Compiling proc-macro2 v1.0.101
   Compiling unicode-ident v1.0.16
   Compiling quote v1.0.46
   Compiling serde_core v1.0.228
   Compiling cfg-if v1.0.0
   Compiling stable_deref_trait v1.2.1
   Compiling serde v1.0.228
   Compiling writeable v0.6.3
   Compiling smallvec v1.15.1
   Compiling libc v0.2.169
   Compiling memchr v2.8.0
   Compiling autocfg v1.4.0
   Compiling litemap v0.8.2
   Compiling hashbrown v0.16.1
   Compiling equivalent v1.0.2
   Compiling libm v0.2.16
   Compiling utf8_iter v1.0.4
   Compiling crc32fast v1.5.0
   Compiling itoa v1.0.18
   Compiling simd-adler32 v0.3.9
   Compiling adler2 v2.0.1
   Compiling icu_properties_data v2.2.0
   Compiling icu_normalizer_data v2.2.0
   Compiling zerocopy v0.8.27
   Compiling miniz_oxide v0.8.9
   Compiling proc-macro-hack v0.5.20+deprecated
   Compiling write16 v1.0.0
   Compiling utf16_iter v1.0.5
   Compiling bitflags v2.9.1
   Compiling num-traits v0.2.19
   Compiling find-msvc-tools v0.1.9
   Compiling arrayvec v0.7.7
   Compiling heck v0.5.0
   Compiling shlex v2.0.1
   Compiling icu_locale_data v2.2.0
   Compiling cc v1.2.67
   Compiling aho-corasick v1.1.4
   Compiling num-conv v0.2.1
   Compiling thiserror v2.0.16
   Compiling once_cell v1.20.2
   Compiling powerfmt v0.2.0
   Compiling time-core v0.1.8
   Compiling regex-syntax v0.8.10
   Compiling tinyvec_macros v0.1.1
   Compiling log v0.4.29
   Compiling flate2 v1.1.9
   Compiling zmij v1.0.21
   Compiling time-macros v0.2.27
   Compiling syn v2.0.98
   Compiling deranged v0.5.8
   Compiling tinyvec v1.11.0
   Compiling lock_api v0.4.12
   Compiling percent-encoding v2.3.2
   Compiling foldhash v0.1.5
   Compiling icu_collator_data v2.2.0
   Compiling core_maths v0.1.1
   Compiling paste v1.0.15
   Compiling serde_json v1.0.150
   Compiling zeroize v1.9.0
   Compiling base64 v0.22.1
   Compiling bit-vec v0.8.0
   Compiling parking_lot_core v0.9.10
   Compiling rustls-pki-types v1.15.0
   Compiling hashbrown v0.15.5
   Compiling form_urlencoded v1.2.2
   Compiling bit-set v0.8.0
   Compiling quick-xml v0.41.0
   Compiling scopeguard v1.2.0
   Compiling icu_segmenter_data v2.2.0
   Compiling linked-hash-map v0.5.6
   Compiling rand_core v0.6.4
   Compiling same-file v1.0.6
   Compiling ryu v1.0.23
   Compiling ciborium-io v0.2.2
   Compiling yaml-rust v0.4.5
   Compiling walkdir v2.5.0
   Compiling ring v0.17.14
   Compiling unicode-normalization v0.1.25
   Compiling time v0.3.47
   Compiling hashlink v0.10.0
   Compiling getrandom v0.2.17
   Compiling fdeflate v0.3.7
   Compiling fnv v1.0.7
   Compiling winnow v0.7.15
   Compiling unscanny v0.1.0
   Compiling rustix v1.0.8
   Compiling untrusted v0.9.0
   Compiling roxmltree v0.20.0
   Compiling roman-numerals-rs v3.1.0
   Compiling regex-automata v0.4.14
   Compiling indexmap v2.13.0
   Compiling serde_path_to_error v0.1.20
   Compiling utf8parse v0.2.2
   Compiling unsafe-libyaml v0.2.11
   Compiling version_check v0.9.5
   Compiling rust_decimal v1.42.1
   Compiling arraydeque v0.5.1
   Compiling toml_write v0.1.2
   Compiling slotmap v1.1.1
   Compiling anstyle-parse v0.2.7
   Compiling saphyr-parser v0.0.6
   Compiling parking_lot v0.12.3
   Compiling rand v0.8.6
   Compiling ordered-float v5.3.0
   Compiling ttf-parser v0.25.1
   Compiling polycool v0.4.0
   Compiling csv-core v0.1.13
   Compiling encoding_rs v0.8.35
   Compiling synstructure v0.13.2
   Compiling colorchoice v1.0.5
   Compiling rustls v0.23.42
   Compiling rustc-hash v2.1.1
   Compiling unicode-segmentation v1.12.0
   Compiling linux-raw-sys v0.9.4
   Compiling is_terminal_polyfill v1.70.2
   Compiling anstyle v1.0.14
   Compiling anstyle-query v1.1.5
   Compiling unicode-script v0.5.8
   Compiling wasmparser v0.228.0
   Compiling siphasher v1.0.1
   Compiling anstream v0.6.21
   Compiling csv v1.4.0
   Compiling kurbo v0.13.1
   Compiling saphyr v0.0.6
   Compiling webpki-roots v1.0.8
   Compiling wasmi_core v1.1.0
   Compiling clap_lex v1.1.0
   Compiling weezl v0.1.12
   Compiling color_quant v1.1.0
   Compiling zerofrom-derive v0.1.7
   Compiling displaydoc v0.2.6
   Compiling yoke-derive v0.8.2
   Compiling serde_derive v1.0.228
   Compiling zerovec-derive v0.11.3
   Compiling zerocopy-derive v0.8.27
   Compiling bytemuck_derive v1.11.0
   Compiling tinystr v0.8.3
   Compiling unic-langid-impl v0.9.6
   Compiling thiserror-impl v2.0.16
   Compiling zerofrom v0.1.8
   Compiling yoke v0.8.3
   Compiling unic-langid-macros-impl v0.9.6
   Compiling zerotrie v0.2.4
   Compiling strum_macros v0.27.2
   Compiling zerovec v0.11.6
   Compiling bytemuck v1.25.0
   Compiling fancy-regex v0.16.2
   Compiling font-types v0.11.3
   Compiling comemo-macros v0.4.0
   Compiling regex v1.12.3
   Compiling arrayref v0.3.9
   Compiling strict-num v0.1.1
   Compiling hypher v0.1.7
   Compiling read-fonts v0.39.2
   Compiling strsim v0.11.1
   Compiling anyhow v1.0.102
   Compiling potential_utf v0.1.5
   Compiling comemo v0.4.0
   Compiling unicode-math-class v0.1.0
   Compiling subtle v2.6.1
   Compiling icu_locale_core v2.2.0
   Compiling icu_collections v2.2.0
   Compiling bitflags v1.3.2
   Compiling ecow v0.2.6
   Compiling png v0.17.16
   Compiling clap_builder v4.5.60
   Compiling tiny-skia-path v0.12.0
   Compiling xattr v1.6.1
   Compiling wasmi_ir v1.1.0
   Compiling half v2.7.1
   Compiling ppv-lite86 v0.2.21
   Compiling strum v0.27.2
   Compiling gif v0.13.3
   Compiling clap_derive v4.5.55
   Compiling ciborium-ll v0.2.2
   Compiling bincode v1.3.3
   Compiling quick-xml v0.38.4
   Compiling serde_spanned v0.6.9
   Compiling toml_datetime v0.6.11
   Compiling icu_provider v2.2.0
   Compiling unic-langid-macros v0.9.6
   Compiling unic-langid v0.9.6
   Compiling plist v1.10.0
   Compiling biblatex v0.12.0
   Compiling icu_normalizer v2.2.0
   Compiling icu_properties v2.2.0
   Compiling icu_locale v2.2.0
   Compiling citationberg v0.7.0
   Compiling syntect v5.3.0
   Compiling toml_edit v0.22.27
   Compiling rand_chacha v0.3.1
   Compiling ciborium v0.2.2
   Compiling serde_yaml v0.9.34+deprecated
   Compiling lipsum v0.9.1
   Compiling icu_segmenter v2.2.0
   Compiling idna_adapter v1.2.2
   Compiling idna v1.1.0
   Compiling icu_collator v2.2.0
   Compiling url v2.5.8
   Compiling two-face v0.4.5
   Compiling hayagriva v0.10.1
   Compiling toml v0.8.23
   Compiling rustls-webpki v0.103.13
   Compiling skrifa v0.42.1
   Compiling write-fonts v0.48.1
   Compiling webpki-roots v0.26.11
   Compiling fontconfig-parser v0.5.8
   Compiling png v0.18.1
   Compiling typst-core v0.1.0 (/home/dikluwe/Documentos/Antigravity/typst-crystalline-before/01_core)
warning: unused import: `Pt`
   --> 01_core/src/engine/eval/closures.rs:985:49
    |
985 |     use crate::entities::layout_types::{Length, Pt};
    |                                                 ^^
    |
    = note: `#[warn(unused_imports)]` (part of `#[warn(unused)]`) on by default

warning: unused import: `crate::entities::counter_update::CounterUpdate as CounterAction`
  --> 01_core/src/engine/eval/bindings.rs:32:5
   |
32 | use crate::entities::counter_update::CounterUpdate as CounterAction;
   |     ^^^^^^^^^^^^^^^^^^^^^^^^^^^^^^^^^^^^^^^^^^^^^^^^^^^^^^^^^^^^^^^

warning: unused import: `Style`
  --> 01_core/src/engine/eval/rules.rs:32:30
   |
32 | use crate::entities::style::{Style, Styles};
   |                              ^^^^^

warning: unused import: `crate::entities::rel::Rel`
    --> 01_core/src/engine/eval/mod.rs:1129:17
     |
1129 |             use crate::entities::rel::Rel;
     |                 ^^^^^^^^^^^^^^^^^^^^^^^^^

warning: unused import: `native_symbol`
    --> 01_core/src/engine/eval/mod.rs:1446:9
     |
1446 |         native_symbol,
     |         ^^^^^^^^^^^^^

warning: unused doc comment
    --> 01_core/src/engine/layout/grid.rs:1129:17
     |
1129 |                   /// vanilla, medido; zero-thickness seria hairline em PDF).
     |                   ^^^^^^^^^^^^^^^^^^^^^^^^^^^^^^^^^^^^^^^^^^^^^^^^^^^^^^^^^^^
1130 | /                 let Some(stroke) = h.stroke() else {
1131 | |                     continue;
1132 | |                 };
     | |__________________- rustdoc does not generate documentation for statements
     |
     = help: use `//` for a plain comment
     = note: `#[warn(unused_doc_comments)]` (part of `#[warn(unused)]`) on by default

warning: unused import: `crate::entities::content::Content`
  --> 01_core/src/engine/layout/title.rs:10:5
   |
10 | use crate::entities::content::Content;
   |     ^^^^^^^^^^^^^^^^^^^^^^^^^^^^^^^^^

warning: unused import: `crate::entities::glyph_variants::MathGlyphKern`
  --> 01_core/src/engine/math/layout/attach.rs:18:5
   |
18 | use crate::entities::glyph_variants::MathGlyphKern;
   |     ^^^^^^^^^^^^^^^^^^^^^^^^^^^^^^^^^^^^^^^^^^^^^^

warning: unused import: `crate::entities::regex::Regex`
  --> 01_core/src/engine/stdlib/collections.rs:26:5
   |
26 | use crate::entities::regex::Regex;
   |     ^^^^^^^^^^^^^^^^^^^^^^^^^^^^^

warning: unused import: `crate::entities::span::Span`
  --> 01_core/src/entities/ast/expr.rs:16:5
   |
16 | use crate::entities::span::Span;
   |     ^^^^^^^^^^^^^^^^^^^^^^^^^^^

   Compiling memmap2 v0.9.11
   Compiling filetime v0.2.29
   Compiling wasmi_collections v1.1.0
warning: use of deprecated variant `entities::layout_types::FrameItem::Text`: Use FrameItem::TextShaped. Preserved as fallback for fonts not loaded or Type1.
   --> 01_core/src/engine/layout/mod.rs:837:35
    |
837 |             items.push(FrameItem::Text {
    |                                   ^^^^
    |
    = note: `#[warn(deprecated)]` on by default

warning: use of deprecated variant `entities::layout_types::FrameItem::Text`: Use FrameItem::TextShaped. Preserved as fallback for fonts not loaded or Type1.
    --> 01_core/src/engine/layout/mod.rs:1573:43
     |
1573 |                     items.push(FrameItem::Text {
     |                                           ^^^^

warning: use of deprecated variant `entities::layout_types::FrameItem::Text`: Use FrameItem::TextShaped. Preserved as fallback for fonts not loaded or Type1.
    --> 01_core/src/engine/layout/mod.rs:1606:48
     |
1606 |                     page.items.push(FrameItem::Text {
     |                                                ^^^^

warning: use of deprecated variant `entities::layout_types::FrameItem::Text`: Use FrameItem::TextShaped. Preserved as fallback for fonts not loaded or Type1.
   --> 01_core/src/engine/layout/metrics.rs:197:32
    |
197 |                     FrameItem::Text { pos, .. }
    |                                ^^^^

warning: use of deprecated variant `entities::layout_types::FrameItem::Text`: Use FrameItem::TextShaped. Preserved as fallback for fonts not loaded or Type1.
   --> 01_core/src/engine/layout/metrics.rs:207:32
    |
207 |                     FrameItem::Text { text, style, .. } => {
    |                                ^^^^

warning: use of deprecated variant `entities::layout_types::FrameItem::Text`: Use FrameItem::TextShaped. Preserved as fallback for fonts not loaded or Type1.
   --> 01_core/src/engine/layout/sub_frame.rs:300:28
    |
300 |                 FrameItem::Text { .. } | FrameItem::TextShaped { .. } => {
    |                            ^^^^

   Compiling unicode-bidi-mirroring v0.4.0
   Compiling jpeg-decoder v0.3.2
   Compiling byteorder v1.5.0
   Compiling typst-shell v0.1.0 (/home/dikluwe/Documentos/Antigravity/typst-crystalline-before/02_shell)
   Compiling spin v0.9.8
   Compiling unicode-properties v0.1.4
warning: use of deprecated field `entities::layout_types::FrameItem::Text::pos`: Use FrameItem::TextShaped. Preserved as fallback for fonts not loaded or Type1.
   --> 01_core/src/engine/layout/metrics.rs:197:39
    |
197 |                     FrameItem::Text { pos, .. }
    |                                       ^^^

warning: use of deprecated field `entities::layout_types::FrameItem::Text::text`: Use FrameItem::TextShaped. Preserved as fallback for fonts not loaded or Type1.
   --> 01_core/src/engine/layout/metrics.rs:207:39
    |
207 |                     FrameItem::Text { text, style, .. } => {
    |                                       ^^^^

warning: use of deprecated field `entities::layout_types::FrameItem::Text::style`: Use FrameItem::TextShaped. Preserved as fallback for fonts not loaded or Type1.
   --> 01_core/src/engine/layout/metrics.rs:207:45
    |
207 |                     FrameItem::Text { text, style, .. } => {
    |                                             ^^^^^

   Compiling unicode-ccc v0.4.0
   Compiling rustybuzz v0.20.1
   Compiling image v0.24.9
   Compiling ureq v2.12.1
   Compiling tar v0.4.46
   Compiling fontdb v0.23.0
   Compiling tiny-skia v0.12.0
   Compiling clap v4.5.60
   Compiling pixglyph v0.6.1
   Compiling typst-assets v0.15.0 (https://github.com/typst/typst-assets?rev=c0ae970#c0ae970f)
   Compiling wasmi v1.0.9
   Compiling imagesize v0.12.0
   Compiling fastrand v2.4.1
warning: unused import: `Track`
  --> 01_core/src/engine/eval/modules.rs:15:14
   |
15 | use comemo::{Track, TrackedMut};
   |              ^^^^^

warning: unused import: `Track`
  --> 01_core/src/engine/eval/mod.rs:20:14
   |
20 | use comemo::{Track, Tracked, TrackedMut};
   |              ^^^^^

   Compiling unicode-bidi v0.3.18
   Compiling xmlwriter v0.1.0
warning: variable does not need to be mutable
   --> 01_core/src/engine/eval/mod.rs:362:9
    |
362 |     let mut run_pass = |apply_show_rules: bool,
    |         ----^^^^^^^^
    |         |
    |         help: remove this `mut`
    |
    = note: `#[warn(unused_mut)]` (part of `#[warn(unused)]`) on by default

warning: unused variable: `rowspan`
   --> 01_core/src/engine/layout/grid.rs:245:21
    |
245 |                 let rowspan = rowspan.unwrap_or(1).max(1);
    |                     ^^^^^^^ help: if this is intentional, prefix it with an underscore: `_rowspan`
    |
    = note: `#[warn(unused_variables)]` (part of `#[warn(unused)]`) on by default

warning: unused variable: `font_size`
   --> 01_core/src/engine/layout/mod.rs:633:9
    |
633 |         font_size: f64,
    |         ^^^^^^^^^ help: if this is intentional, prefix it with an underscore: `_font_size`

warning: value assigned to `ratio` is never read
  --> 01_core/src/engine/math/layout/assembly.rs:29:21
   |
29 |     let mut ratio = 0.0_f64;
   |                     ^^^^^^^
   |
   = help: maybe it is overwritten before being read?
   = note: `#[warn(unused_assignments)]` (part of `#[warn(unused)]`) on by default

warning: variable does not need to be mutable
   --> 01_core/src/engine/stdlib/foundations.rs:648:17
    |
648 | fn format_radix(mut n: i64, base: u32) -> String {
    |                 ----^
    |                 |
    |                 help: remove this `mut`

   Compiling subsetter v0.2.6
warning: unused variable: `idx`
   --> 01_core/src/engine/stdlib/numbering.rs:134:10
    |
134 |     for (idx, (prefix, symbol)) in pieces.iter().enumerate() {
    |          ^^^ help: if this is intentional, prefix it with an underscore: `_idx`

warning: function `format_bib_entry` is never used
    --> 01_core/src/engine/layout/mod.rs:1964:4
     |
1964 | fn format_bib_entry(e: &crate::entities::bib_entry::BibEntry) -> String {
     |    ^^^^^^^^^^^^^^^^
     |
     = note: `#[warn(dead_code)]` (part of `#[warn(unused)]`) on by default

warning: function `native_state` is never used
   --> 01_core/src/engine/stdlib/foundations.rs:803:8
    |
803 | pub fn native_state(
    |        ^^^^^^^^^^^^

warning: function `decode_cbor` is never used
   --> 01_core/src/engine/stdlib/loading.rs:168:8
    |
168 | pub fn decode_cbor(bytes: &[u8]) -> SourceResult<Value> {
    |        ^^^^^^^^^^^

   Compiling typst-infra v0.1.0 (/home/dikluwe/Documentos/Antigravity/typst-crystalline-before/03_infra)
warning: unused import: `std::sync::Arc`
  --> 03_infra/src/export/gradients/mod.rs:18:5
   |
18 | use std::sync::Arc;
   |     ^^^^^^^^^^^^^^
   |
   = note: `#[warn(unused_imports)]` (part of `#[warn(unused)]`) on by default

warning: unused imports: `FrameItem` and `PagedDocument`
  --> 03_infra/src/export/gradients/mod.rs:20:42
   |
20 | use typst_core::entities::layout_types::{FrameItem, Page, PagedDocument};
   |                                          ^^^^^^^^^        ^^^^^^^^^^^^^

warning: unused imports: `ColorSpace` and `Color`
  --> 03_infra/src/export/gradients/adaptive.rs:12:42
   |
12 | use typst_core::entities::layout_types::{Color, ColorSpace};
   |                                          ^^^^^  ^^^^^^^^^^

warning: unused imports: `Linear` and `Radial`
  --> 03_infra/src/export/gradients/cmyk.rs:12:38
   |
12 | use typst_core::entities::gradient::{Linear, Radial};
   |                                      ^^^^^^  ^^^^^^

warning: unused import: `typst_core::entities::layout_types::Color`
  --> 03_infra/src/export/gradients/cmyk.rs:13:5
   |
13 | use typst_core::entities::layout_types::Color;
   |     ^^^^^^^^^^^^^^^^^^^^^^^^^^^^^^^^^^^^^^^^^

warning: unused import: `typst_core::entities::gradient::Conic`
  --> 03_infra/src/export/gradients/conic.rs:12:5
   |
12 | use typst_core::entities::gradient::Conic;
   |     ^^^^^^^^^^^^^^^^^^^^^^^^^^^^^^^^^^^^^

warning: unused import: `typst_core::entities::layout_types::Color`
  --> 03_infra/src/export/gradients/conic.rs:13:5
   |
13 | use typst_core::entities::layout_types::Color;
   |     ^^^^^^^^^^^^^^^^^^^^^^^^^^^^^^^^^^^^^^^^^

warning: unused import: `typst_core::entities::gradient::Linear`
  --> 03_infra/src/export/gradients/linear.rs:12:5
   |
12 | use typst_core::entities::gradient::Linear;
   |     ^^^^^^^^^^^^^^^^^^^^^^^^^^^^^^^^^^^^^^

warning: unused import: `typst_core::entities::axes::Axes`
  --> 03_infra/src/export/gradients/radial.rs:12:5
   |
12 | use typst_core::entities::axes::Axes;
   |     ^^^^^^^^^^^^^^^^^^^^^^^^^^^^^^^^

warning: unused import: `typst_core::entities::gradient::Radial`
  --> 03_infra/src/export/gradients/radial.rs:13:5
   |
13 | use typst_core::entities::gradient::Radial;
   |     ^^^^^^^^^^^^^^^^^^^^^^^^^^^^^^^^^^^^^^

warning: unused import: `typst_core::entities::layout_types::Ratio`
  --> 03_infra/src/export/gradients/radial.rs:14:5
   |
14 | use typst_core::entities::layout_types::Ratio;
   |     ^^^^^^^^^^^^^^^^^^^^^^^^^^^^^^^^^^^^^^^^^

warning: unused import: `typst_core::entities::gradient::RelativeTo`
  --> 03_infra/src/export/gradients/relative.rs:12:5
   |
12 | use typst_core::entities::gradient::RelativeTo;
   |     ^^^^^^^^^^^^^^^^^^^^^^^^^^^^^^^^^^^^^^^^^^

warning: unused import: `Pt`
   --> 03_infra/src/export/gradients/mod.rs:157:57
    |
157 |     use typst_core::entities::layout_types::{FrameItem, Pt, Rect};
    |                                                         ^^

warning: unused import: `Pt`
   --> 03_infra/src/export/gradients/mod.rs:280:57
    |
280 |     use typst_core::entities::layout_types::{FrameItem, Pt, Rect};
    |                                                         ^^

warning: unused imports: `Pt` and `Rect`
    --> 03_infra/src/export/stream.rs:1029:57
     |
1029 |     use typst_core::entities::layout_types::{FrameItem, Pt, Rect};
     |                                                         ^^  ^^^^

warning: unused imports: `RectKey`, `bezier_control_points_for_arc`, `compute_coons_patches_n_stops_extended`, `compute_coons_patches_n_stops`, `multispace_sample_stops_conic`, `perceptual_distance_in_space`, and `rgb_to_cmyk`
  --> 03_infra/src/export/mod.rs:36:51
   |
36 |     adaptive_n_for_stops, apply_parent_transform, bezier_control_points_for_arc,
   |                                                   ^^^^^^^^^^^^^^^^^^^^^^^^^^^^^
37 |     compute_axial_coords, compute_coons_patches_n_stops,
   |                           ^^^^^^^^^^^^^^^^^^^^^^^^^^^^^
38 |     compute_coons_patches_n_stops_extended, compute_radial_coords, dedup_key_for,
   |     ^^^^^^^^^^^^^^^^^^^^^^^^^^^^^^^^^^^^^^
...
41 |     multispace_sample_stops_conic, multispace_sample_stops_linear_cmyk,
   |     ^^^^^^^^^^^^^^^^^^^^^^^^^^^^^
42 |     multispace_sample_stops_radial, multispace_sample_stops_radial_cmyk,
43 |     pattern_resources_for_page, perceptual_distance_in_space, resolve_relative,
   |                                 ^^^^^^^^^^^^^^^^^^^^^^^^^^^^
44 |     rgb_to_cmyk, scan_all_gradients, DedupKey, GradientObject, GradientObjectKind,
   |     ^^^^^^^^^^^
45 |     PatternRef, RectKey,
   |                 ^^^^^^^

warning: unused imports: `PdfImagePayload` and `process_png_for_pdf`
  --> 03_infra/src/export/mod.rs:50:18
   |
50 |     jpeg_is_rgb, process_png_for_pdf, scan_all_images, srgb_icc_profile_bytes,
   |                  ^^^^^^^^^^^^^^^^^^^
51 |     xobject_resources_for_page, ImageFormat, ImageRef, ImageXObject, PdfImagePayload,
   |                                                                      ^^^^^^^^^^^^^^^

warning: unused imports: `FontScenario`, `draw_item_local`, `emit_glyph_pdf`, `emit_rounded_rect_ops`, `emit_shape_path_local`, `emit_stroke_paint`, `emit_text_pdf`, and `line_rg_prefix`
  --> 03_infra/src/export/mod.rs:54:24
   |
54 |     build_page_stream, draw_item_local, emit_glyph_pdf, emit_rounded_rect_ops,
   |                        ^^^^^^^^^^^^^^^  ^^^^^^^^^^^^^^  ^^^^^^^^^^^^^^^^^^^^^
55 |     emit_shape_path_local, emit_stroke_paint, emit_text_pdf, line_rg_prefix,
   |     ^^^^^^^^^^^^^^^^^^^^^  ^^^^^^^^^^^^^^^^^  ^^^^^^^^^^^^^  ^^^^^^^^^^^^^^
56 |     FontScenario, PageContext,
   |     ^^^^^^^^^^^^

warning: unused import: `axis_variations_for_font_variant`
  --> 03_infra/src/font_metrics.rs:26:5
   |
26 |     axis_variations_for_font_variant, axis_variations_for_text_style,
   |     ^^^^^^^^^^^^^^^^^^^^^^^^^^^^^^^^

warning: unused import: `PathBuf`
 --> 03_infra/src/fontdb.rs:9:23
  |
9 | use std::path::{Path, PathBuf};
  |                       ^^^^^^^

warning: unused import: `axis_variations_for_font_variant`
  --> 03_infra/src/shaper.rs:43:5
   |
43 |     axis_variations_for_font_variant, axis_variations_for_text_style,
   |     ^^^^^^^^^^^^^^^^^^^^^^^^^^^^^^^^

warning: use of deprecated variant `typst_core::entities::layout_types::FrameItem::Text`: Use FrameItem::TextShaped. Preserved as fallback for fonts not loaded or Type1.
   --> 03_infra/src/export/render.rs:181:20
    |
181 |         FrameItem::Text { .. } => {}
    |                    ^^^^
    |
    = note: `#[warn(deprecated)]` on by default

warning: use of deprecated variant `typst_core::entities::layout_types::FrameItem::Text`: Use FrameItem::TextShaped. Preserved as fallback for fonts not loaded or Type1.
   --> 03_infra/src/export/svg.rs:261:20
    |
261 |         FrameItem::Text { .. } => {
    |                    ^^^^

warning: unused variable: `intrinsic_width`
   --> 03_infra/src/export/stream.rs:622:13
    |
622 |             intrinsic_width,
    |             ^^^^^^^^^^^^^^^ help: try ignoring the field: `intrinsic_width: _`
    |
    = note: `#[warn(unused_variables)]` (part of `#[warn(unused)]`) on by default

warning: unused variable: `intrinsic_height`
   --> 03_infra/src/export/stream.rs:623:13
    |
623 |             intrinsic_height,
    |             ^^^^^^^^^^^^^^^^ help: try ignoring the field: `intrinsic_height: _`

warning: unused variable: `intrinsic_width`
    --> 03_infra/src/export/stream.rs:1182:13
     |
1182 |             intrinsic_width,
     |             ^^^^^^^^^^^^^^^ help: try ignoring the field: `intrinsic_width: _`

warning: unused variable: `intrinsic_height`
    --> 03_infra/src/export/stream.rs:1183:13
     |
1183 |             intrinsic_height,
     |             ^^^^^^^^^^^^^^^^ help: try ignoring the field: `intrinsic_height: _`

warning: variable does not need to be mutable
   --> 03_infra/src/export/svg.rs:353:9
    |
353 |     let mut y = 0.0;
    |         ----^
    |         |
    |         help: remove this `mut`
    |
    = note: `#[warn(unused_mut)]` (part of `#[warn(unused)]`) on by default

warning: unused variable: `variant`
   --> 03_infra/src/font_metrics.rs:685:13
    |
685 |         let variant = text_style_to_font_variant(style);
    |             ^^^^^^^ help: if this is intentional, prefix it with an underscore: `_variant`

warning: unused variable: `variant`
   --> 03_infra/src/font_metrics.rs:761:13
    |
761 |         let variant = text_style_to_font_variant(style);
    |             ^^^^^^^ help: if this is intentional, prefix it with an underscore: `_variant`

warning: function `multispace_sample_stops_conic` is never used
  --> 03_infra/src/export/gradients/conic.rs:17:15
   |
17 | pub(crate) fn multispace_sample_stops_conic(
   |               ^^^^^^^^^^^^^^^^^^^^^^^^^^^^^
   |
   = note: `#[warn(dead_code)]` (part of `#[warn(unused)]`) on by default

warning: function `subset_font` is never used
  --> 03_infra/src/export/subset.rs:79:8
   |
79 | pub fn subset_font(font_data: &[u8], used_glyphs: &BTreeSet<u16>) -> Option<Vec<u8>> {
   |        ^^^^^^^^^^^

warning: `typst-infra` (lib) generated 32 warnings (run `cargo fix --lib -p typst-infra` to apply 28 suggestions)
warning: `typst-core` (lib) generated 30 warnings (run `cargo fix --lib -p typst-core` to apply 14 suggestions)
   Compiling typst-wiring v0.1.0 (/home/dikluwe/Documentos/Antigravity/typst-crystalline-before/04_wiring)
    Finished `release` profile [optimized] target(s) in 2m 56s
Preparing worktree (detached HEAD da18ea9f3)
Updating files:  95% (6267/6572)Updating files:  96% (6310/6572)Updating files:  97% (6375/6572)Updating files:  98% (6441/6572)Updating files:  99% (6507/6572)Updating files: 100% (6572/6572)Updating files: 100% (6572/6572), done.
HEAD is now at da18ea9f3 feat(math): conclui implementacao e testes dos passos 923-924
   Compiling proc-macro2 v1.0.101
   Compiling unicode-ident v1.0.16
   Compiling quote v1.0.46
   Compiling serde_core v1.0.228
   Compiling cfg-if v1.0.0
   Compiling serde v1.0.228
   Compiling stable_deref_trait v1.2.1
   Compiling libc v0.2.169
   Compiling memchr v2.8.0
   Compiling writeable v0.6.3
   Compiling smallvec v1.15.1
   Compiling litemap v0.8.2
   Compiling autocfg v1.4.0
   Compiling libm v0.2.16
   Compiling equivalent v1.0.2
   Compiling utf8_iter v1.0.4
   Compiling hashbrown v0.16.1
   Compiling simd-adler32 v0.3.9
   Compiling crc32fast v1.5.0
   Compiling itoa v1.0.18
   Compiling icu_normalizer_data v2.2.0
   Compiling icu_properties_data v2.2.0
   Compiling zerocopy v0.8.27
   Compiling adler2 v2.0.1
   Compiling bitflags v2.9.1
   Compiling miniz_oxide v0.8.9
   Compiling write16 v1.0.0
   Compiling utf16_iter v1.0.5
   Compiling proc-macro-hack v0.5.20+deprecated
   Compiling num-traits v0.2.19
   Compiling shlex v2.0.1
   Compiling heck v0.5.0
   Compiling icu_locale_data v2.2.0
   Compiling find-msvc-tools v0.1.9
   Compiling arrayvec v0.7.7
   Compiling aho-corasick v1.1.4
   Compiling num-conv v0.2.1
   Compiling once_cell v1.20.2
   Compiling log v0.4.29
   Compiling thiserror v2.0.16
   Compiling time-core v0.1.8
   Compiling cc v1.2.67
   Compiling regex-syntax v0.8.10
   Compiling powerfmt v0.2.0
   Compiling tinyvec_macros v0.1.1
   Compiling flate2 v1.1.9
   Compiling zmij v1.0.21
   Compiling time-macros v0.2.27
   Compiling deranged v0.5.8
   Compiling syn v2.0.98
   Compiling tinyvec v1.11.0
   Compiling lock_api v0.4.12
   Compiling bit-vec v0.8.0
   Compiling percent-encoding v2.3.2
   Compiling core_maths v0.1.1
   Compiling base64 v0.22.1
   Compiling foldhash v0.1.5
   Compiling icu_collator_data v2.2.0
   Compiling zeroize v1.9.0
   Compiling parking_lot_core v0.9.10
   Compiling serde_json v1.0.150
   Compiling paste v1.0.15
   Compiling rustls-pki-types v1.15.0
   Compiling hashbrown v0.15.5
   Compiling bit-set v0.8.0
   Compiling form_urlencoded v1.2.2
   Compiling quick-xml v0.41.0
   Compiling ciborium-io v0.2.2
   Compiling ryu v1.0.23
   Compiling rand_core v0.6.4
   Compiling scopeguard v1.2.0
   Compiling same-file v1.0.6
   Compiling icu_segmenter_data v2.2.0
   Compiling linked-hash-map v0.5.6
   Compiling walkdir v2.5.0
   Compiling yaml-rust v0.4.5
   Compiling ring v0.17.14
   Compiling hashlink v0.10.0
   Compiling unicode-normalization v0.1.25
   Compiling getrandom v0.2.17
   Compiling fdeflate v0.3.7
   Compiling version_check v0.9.5
   Compiling untrusted v0.9.0
   Compiling time v0.3.47
   Compiling utf8parse v0.2.2
   Compiling unscanny v0.1.0
   Compiling arraydeque v0.5.1
   Compiling indexmap v2.13.0
   Compiling serde_path_to_error v0.1.20
   Compiling rustix v1.0.8
   Compiling regex-automata v0.4.14
   Compiling rust_decimal v1.42.1
   Compiling roxmltree v0.20.0
   Compiling toml_write v0.1.2
   Compiling winnow v0.7.15
   Compiling roman-numerals-rs v3.1.0
   Compiling unsafe-libyaml v0.2.11
   Compiling fnv v1.0.7
   Compiling saphyr-parser v0.0.6
   Compiling slotmap v1.1.1
   Compiling anstyle-parse v0.2.7
   Compiling parking_lot v0.12.3
   Compiling rand v0.8.6
   Compiling ordered-float v5.3.0
   Compiling ttf-parser v0.25.1
   Compiling polycool v0.4.0
   Compiling csv-core v0.1.13
   Compiling encoding_rs v0.8.35
   Compiling anstyle v1.0.14
   Compiling wasmparser v0.228.0
   Compiling siphasher v1.0.1
   Compiling colorchoice v1.0.5
   Compiling synstructure v0.13.2
   Compiling unicode-script v0.5.8
   Compiling is_terminal_polyfill v1.70.2
   Compiling anstyle-query v1.1.5
   Compiling rustls v0.23.42
   Compiling linux-raw-sys v0.9.4
   Compiling unicode-segmentation v1.12.0
   Compiling rustc-hash v2.1.1
   Compiling anstream v0.6.21
   Compiling csv v1.4.0
   Compiling kurbo v0.13.1
   Compiling saphyr v0.0.6
   Compiling webpki-roots v1.0.8
   Compiling wasmi_core v1.1.0
   Compiling strsim v0.11.1
   Compiling bitflags v1.3.2
   Compiling strict-num v0.1.1
   Compiling anyhow v1.0.102
   Compiling subtle v2.6.1
   Compiling color_quant v1.1.0
   Compiling ecow v0.2.6
   Compiling hypher v0.1.7
   Compiling clap_lex v1.1.0
   Compiling fancy-regex v0.16.2
   Compiling regex v1.12.3
   Compiling zerofrom-derive v0.1.7
   Compiling displaydoc v0.2.6
   Compiling yoke-derive v0.8.2
   Compiling serde_derive v1.0.228
   Compiling zerovec-derive v0.11.3
   Compiling bytemuck_derive v1.11.0
   Compiling zerocopy-derive v0.8.27
   Compiling zerofrom v0.1.8
   Compiling tinystr v0.8.3
   Compiling yoke v0.8.3
   Compiling thiserror-impl v2.0.16
   Compiling unic-langid-impl v0.9.6
   Compiling zerovec v0.11.6
   Compiling zerotrie v0.2.4
   Compiling strum_macros v0.27.2
   Compiling unic-langid-macros-impl v0.9.6
   Compiling comemo-macros v0.4.0
   Compiling unicode-math-class v0.1.0
   Compiling weezl v0.1.12
   Compiling arrayref v0.3.9
   Compiling bytemuck v1.25.0
   Compiling xattr v1.6.1
   Compiling wasmi_ir v1.1.0
   Compiling comemo v0.4.0
   Compiling font-types v0.11.3
   Compiling tiny-skia-path v0.12.0
   Compiling potential_utf v0.1.5
   Compiling read-fonts v0.39.2
   Compiling icu_locale_core v2.2.0
   Compiling gif v0.13.3
   Compiling icu_collections v2.2.0
   Compiling clap_derive v4.5.55
   Compiling clap_builder v4.5.60
   Compiling png v0.17.16
   Compiling webpki-roots v0.26.11
   Compiling strum v0.27.2
   Compiling toml_datetime v0.6.11
   Compiling bincode v1.3.3
   Compiling quick-xml v0.38.4
   Compiling serde_spanned v0.6.9
   Compiling icu_provider v2.2.0
   Compiling half v2.7.1
   Compiling unic-langid-macros v0.9.6
   Compiling unic-langid v0.9.6
   Compiling ppv-lite86 v0.2.21
   Compiling plist v1.10.0
   Compiling biblatex v0.12.0
   Compiling icu_properties v2.2.0
   Compiling icu_normalizer v2.2.0
   Compiling icu_locale v2.2.0
   Compiling ciborium-ll v0.2.2
   Compiling syntect v5.3.0
   Compiling ciborium v0.2.2
   Compiling idna_adapter v1.2.2
   Compiling idna v1.1.0
   Compiling citationberg v0.7.0
   Compiling icu_collator v2.2.0
   Compiling rand_chacha v0.3.1
   Compiling toml_edit v0.22.27
   Compiling url v2.5.8
   Compiling serde_yaml v0.9.34+deprecated
   Compiling lipsum v0.9.1
   Compiling two-face v0.4.5
   Compiling icu_segmenter v2.2.0
   Compiling rustls-webpki v0.103.13
   Compiling fontconfig-parser v0.5.8
   Compiling toml v0.8.23
   Compiling hayagriva v0.10.1
   Compiling write-fonts v0.48.1
   Compiling skrifa v0.42.1
   Compiling png v0.18.1
   Compiling memmap2 v0.9.11
   Compiling filetime v0.2.29
   Compiling jpeg-decoder v0.3.2
   Compiling typst-shell v0.1.0 (/home/dikluwe/Documentos/Antigravity/typst-crystalline-after/02_shell)
   Compiling unicode-ccc v0.4.0
   Compiling spin v0.9.8
   Compiling wasmi_collections v1.1.0
   Compiling unicode-bidi-mirroring v0.4.0
   Compiling byteorder v1.5.0
   Compiling unicode-properties v0.1.4
   Compiling tiny-skia v0.12.0
   Compiling image v0.24.9
   Compiling rustybuzz v0.20.1
   Compiling wasmi v1.0.9
   Compiling tar v0.4.46
   Compiling typst-core v0.1.0 (/home/dikluwe/Documentos/Antigravity/typst-crystalline-after/01_core)
   Compiling fontdb v0.23.0
   Compiling ureq v2.12.1
warning: unused import: `Pt`
   --> 01_core/src/engine/eval/closures.rs:985:49
    |
985 |     use crate::entities::layout_types::{Length, Pt};
    |                                                 ^^
    |
    = note: `#[warn(unused_imports)]` (part of `#[warn(unused)]`) on by default

warning: unused import: `crate::entities::counter_update::CounterUpdate as CounterAction`
  --> 01_core/src/engine/eval/bindings.rs:32:5
   |
32 | use crate::entities::counter_update::CounterUpdate as CounterAction;
   |     ^^^^^^^^^^^^^^^^^^^^^^^^^^^^^^^^^^^^^^^^^^^^^^^^^^^^^^^^^^^^^^^

warning: unused import: `Style`
  --> 01_core/src/engine/eval/rules.rs:32:30
   |
32 | use crate::entities::style::{Style, Styles};
   |                              ^^^^^

warning: unused import: `crate::entities::rel::Rel`
    --> 01_core/src/engine/eval/mod.rs:1129:17
     |
1129 |             use crate::entities::rel::Rel;
     |                 ^^^^^^^^^^^^^^^^^^^^^^^^^

warning: unused import: `native_symbol`
    --> 01_core/src/engine/eval/mod.rs:1446:9
     |
1446 |         native_symbol,
     |         ^^^^^^^^^^^^^

warning: unused doc comment
    --> 01_core/src/engine/layout/grid.rs:1129:17
     |
1129 |                   /// vanilla, medido; zero-thickness seria hairline em PDF).
     |                   ^^^^^^^^^^^^^^^^^^^^^^^^^^^^^^^^^^^^^^^^^^^^^^^^^^^^^^^^^^^
1130 | /                 let Some(stroke) = h.stroke() else {
1131 | |                     continue;
1132 | |                 };
     | |__________________- rustdoc does not generate documentation for statements
     |
     = help: use `//` for a plain comment
     = note: `#[warn(unused_doc_comments)]` (part of `#[warn(unused)]`) on by default

warning: unused import: `crate::entities::content::Content`
  --> 01_core/src/engine/layout/title.rs:10:5
   |
10 | use crate::entities::content::Content;
   |     ^^^^^^^^^^^^^^^^^^^^^^^^^^^^^^^^^

warning: unused import: `stack_tight_above`
  --> 01_core/src/engine/math/layout/accent.rs:17:26
   |
17 | use super::{offset_item, stack_tight_above, MathBox};
   |                          ^^^^^^^^^^^^^^^^^

warning: unused import: `crate::entities::glyph_variants::MathGlyphKern`
  --> 01_core/src/engine/math/layout/attach.rs:18:5
   |
18 | use crate::entities::glyph_variants::MathGlyphKern;
   |     ^^^^^^^^^^^^^^^^^^^^^^^^^^^^^^^^^^^^^^^^^^^^^^

warning: unused import: `crate::entities::regex::Regex`
  --> 01_core/src/engine/stdlib/collections.rs:26:5
   |
26 | use crate::entities::regex::Regex;
   |     ^^^^^^^^^^^^^^^^^^^^^^^^^^^^^

warning: unused import: `crate::entities::span::Span`
  --> 01_core/src/entities/ast/expr.rs:16:5
   |
16 | use crate::entities::span::Span;
   |     ^^^^^^^^^^^^^^^^^^^^^^^^^^^

warning: use of deprecated variant `entities::layout_types::FrameItem::Text`: Use FrameItem::TextShaped. Preserved as fallback for fonts not loaded or Type1.
   --> 01_core/src/engine/layout/mod.rs:837:35
    |
837 |             items.push(FrameItem::Text {
    |                                   ^^^^
    |
    = note: `#[warn(deprecated)]` on by default

warning: use of deprecated variant `entities::layout_types::FrameItem::Text`: Use FrameItem::TextShaped. Preserved as fallback for fonts not loaded or Type1.
    --> 01_core/src/engine/layout/mod.rs:1573:43
     |
1573 |                     items.push(FrameItem::Text {
     |                                           ^^^^

warning: use of deprecated variant `entities::layout_types::FrameItem::Text`: Use FrameItem::TextShaped. Preserved as fallback for fonts not loaded or Type1.
    --> 01_core/src/engine/layout/mod.rs:1606:48
     |
1606 |                     page.items.push(FrameItem::Text {
     |                                                ^^^^

warning: use of deprecated variant `entities::layout_types::FrameItem::Text`: Use FrameItem::TextShaped. Preserved as fallback for fonts not loaded or Type1.
   --> 01_core/src/engine/layout/metrics.rs:213:32
    |
213 |                     FrameItem::Text { pos, .. }
    |                                ^^^^

warning: use of deprecated variant `entities::layout_types::FrameItem::Text`: Use FrameItem::TextShaped. Preserved as fallback for fonts not loaded or Type1.
   --> 01_core/src/engine/layout/metrics.rs:223:32
    |
223 |                     FrameItem::Text { text, style, .. } => {
    |                                ^^^^

warning: use of deprecated variant `entities::layout_types::FrameItem::Text`: Use FrameItem::TextShaped. Preserved as fallback for fonts not loaded or Type1.
   --> 01_core/src/engine/layout/sub_frame.rs:300:28
    |
300 |                 FrameItem::Text { .. } | FrameItem::TextShaped { .. } => {
    |                            ^^^^

   Compiling clap v4.5.60
   Compiling pixglyph v0.6.1
warning: use of deprecated field `entities::layout_types::FrameItem::Text::pos`: Use FrameItem::TextShaped. Preserved as fallback for fonts not loaded or Type1.
   --> 01_core/src/engine/layout/metrics.rs:213:39
    |
213 |                     FrameItem::Text { pos, .. }
    |                                       ^^^

warning: use of deprecated field `entities::layout_types::FrameItem::Text::text`: Use FrameItem::TextShaped. Preserved as fallback for fonts not loaded or Type1.
   --> 01_core/src/engine/layout/metrics.rs:223:39
    |
223 |                     FrameItem::Text { text, style, .. } => {
    |                                       ^^^^

warning: use of deprecated field `entities::layout_types::FrameItem::Text::style`: Use FrameItem::TextShaped. Preserved as fallback for fonts not loaded or Type1.
   --> 01_core/src/engine/layout/metrics.rs:223:45
    |
223 |                     FrameItem::Text { text, style, .. } => {
    |                                             ^^^^^

   Compiling typst-assets v0.15.0 (https://github.com/typst/typst-assets?rev=c0ae970#c0ae970f)
   Compiling fastrand v2.4.1
   Compiling unicode-bidi v0.3.18
   Compiling imagesize v0.12.0
   Compiling xmlwriter v0.1.0
   Compiling subsetter v0.2.6
warning: unused import: `Track`
  --> 01_core/src/engine/eval/modules.rs:15:14
   |
15 | use comemo::{Track, TrackedMut};
   |              ^^^^^

warning: unused import: `Track`
  --> 01_core/src/engine/eval/mod.rs:20:14
   |
20 | use comemo::{Track, Tracked, TrackedMut};
   |              ^^^^^

warning: variable does not need to be mutable
   --> 01_core/src/engine/eval/mod.rs:362:9
    |
362 |     let mut run_pass = |apply_show_rules: bool,
    |         ----^^^^^^^^
    |         |
    |         help: remove this `mut`
    |
    = note: `#[warn(unused_mut)]` (part of `#[warn(unused)]`) on by default

warning: unused variable: `rowspan`
   --> 01_core/src/engine/layout/grid.rs:245:21
    |
245 |                 let rowspan = rowspan.unwrap_or(1).max(1);
    |                     ^^^^^^^ help: if this is intentional, prefix it with an underscore: `_rowspan`
    |
    = note: `#[warn(unused_variables)]` (part of `#[warn(unused)]`) on by default

warning: unused variable: `font_size`
   --> 01_core/src/engine/layout/mod.rs:633:9
    |
633 |         font_size: f64,
    |         ^^^^^^^^^ help: if this is intentional, prefix it with an underscore: `_font_size`

warning: value assigned to `ratio` is never read
  --> 01_core/src/engine/math/layout/assembly.rs:29:21
   |
29 |     let mut ratio = 0.0_f64;
   |                     ^^^^^^^
   |
   = help: maybe it is overwritten before being read?
   = note: `#[warn(unused_assignments)]` (part of `#[warn(unused)]`) on by default

warning: variable does not need to be mutable
   --> 01_core/src/engine/stdlib/foundations.rs:648:17
    |
648 | fn format_radix(mut n: i64, base: u32) -> String {
    |                 ----^
    |                 |
    |                 help: remove this `mut`

warning: unused variable: `idx`
   --> 01_core/src/engine/stdlib/numbering.rs:134:10
    |
134 |     for (idx, (prefix, symbol)) in pieces.iter().enumerate() {
    |          ^^^ help: if this is intentional, prefix it with an underscore: `_idx`

warning: function `format_bib_entry` is never used
    --> 01_core/src/engine/layout/mod.rs:1964:4
     |
1964 | fn format_bib_entry(e: &crate::entities::bib_entry::BibEntry) -> String {
     |    ^^^^^^^^^^^^^^^^
     |
     = note: `#[warn(dead_code)]` (part of `#[warn(unused)]`) on by default

warning: function `native_state` is never used
   --> 01_core/src/engine/stdlib/foundations.rs:803:8
    |
803 | pub fn native_state(
    |        ^^^^^^^^^^^^

warning: function `decode_cbor` is never used
   --> 01_core/src/engine/stdlib/loading.rs:168:8
    |
168 | pub fn decode_cbor(bytes: &[u8]) -> SourceResult<Value> {
    |        ^^^^^^^^^^^

   Compiling typst-infra v0.1.0 (/home/dikluwe/Documentos/Antigravity/typst-crystalline-after/03_infra)
warning: unused import: `std::sync::Arc`
  --> 03_infra/src/export/gradients/mod.rs:18:5
   |
18 | use std::sync::Arc;
   |     ^^^^^^^^^^^^^^
   |
   = note: `#[warn(unused_imports)]` (part of `#[warn(unused)]`) on by default

warning: unused imports: `FrameItem` and `PagedDocument`
  --> 03_infra/src/export/gradients/mod.rs:20:42
   |
20 | use typst_core::entities::layout_types::{FrameItem, Page, PagedDocument};
   |                                          ^^^^^^^^^        ^^^^^^^^^^^^^

warning: unused imports: `ColorSpace` and `Color`
  --> 03_infra/src/export/gradients/adaptive.rs:12:42
   |
12 | use typst_core::entities::layout_types::{Color, ColorSpace};
   |                                          ^^^^^  ^^^^^^^^^^

warning: unused imports: `Linear` and `Radial`
  --> 03_infra/src/export/gradients/cmyk.rs:12:38
   |
12 | use typst_core::entities::gradient::{Linear, Radial};
   |                                      ^^^^^^  ^^^^^^

warning: unused import: `typst_core::entities::layout_types::Color`
  --> 03_infra/src/export/gradients/cmyk.rs:13:5
   |
13 | use typst_core::entities::layout_types::Color;
   |     ^^^^^^^^^^^^^^^^^^^^^^^^^^^^^^^^^^^^^^^^^

warning: unused import: `typst_core::entities::gradient::Conic`
  --> 03_infra/src/export/gradients/conic.rs:12:5
   |
12 | use typst_core::entities::gradient::Conic;
   |     ^^^^^^^^^^^^^^^^^^^^^^^^^^^^^^^^^^^^^

warning: unused import: `typst_core::entities::layout_types::Color`
  --> 03_infra/src/export/gradients/conic.rs:13:5
   |
13 | use typst_core::entities::layout_types::Color;
   |     ^^^^^^^^^^^^^^^^^^^^^^^^^^^^^^^^^^^^^^^^^

warning: unused import: `typst_core::entities::gradient::Linear`
  --> 03_infra/src/export/gradients/linear.rs:12:5
   |
12 | use typst_core::entities::gradient::Linear;
   |     ^^^^^^^^^^^^^^^^^^^^^^^^^^^^^^^^^^^^^^

warning: unused import: `typst_core::entities::axes::Axes`
  --> 03_infra/src/export/gradients/radial.rs:12:5
   |
12 | use typst_core::entities::axes::Axes;
   |     ^^^^^^^^^^^^^^^^^^^^^^^^^^^^^^^^

warning: unused import: `typst_core::entities::gradient::Radial`
  --> 03_infra/src/export/gradients/radial.rs:13:5
   |
13 | use typst_core::entities::gradient::Radial;
   |     ^^^^^^^^^^^^^^^^^^^^^^^^^^^^^^^^^^^^^^

warning: unused import: `typst_core::entities::layout_types::Ratio`
  --> 03_infra/src/export/gradients/radial.rs:14:5
   |
14 | use typst_core::entities::layout_types::Ratio;
   |     ^^^^^^^^^^^^^^^^^^^^^^^^^^^^^^^^^^^^^^^^^

warning: unused import: `typst_core::entities::gradient::RelativeTo`
  --> 03_infra/src/export/gradients/relative.rs:12:5
   |
12 | use typst_core::entities::gradient::RelativeTo;
   |     ^^^^^^^^^^^^^^^^^^^^^^^^^^^^^^^^^^^^^^^^^^

warning: unused import: `Pt`
   --> 03_infra/src/export/gradients/mod.rs:157:57
    |
157 |     use typst_core::entities::layout_types::{FrameItem, Pt, Rect};
    |                                                         ^^

warning: unused import: `Pt`
   --> 03_infra/src/export/gradients/mod.rs:280:57
    |
280 |     use typst_core::entities::layout_types::{FrameItem, Pt, Rect};
    |                                                         ^^

warning: unused imports: `Pt` and `Rect`
    --> 03_infra/src/export/stream.rs:1029:57
     |
1029 |     use typst_core::entities::layout_types::{FrameItem, Pt, Rect};
     |                                                         ^^  ^^^^

warning: unused imports: `RectKey`, `bezier_control_points_for_arc`, `compute_coons_patches_n_stops_extended`, `compute_coons_patches_n_stops`, `multispace_sample_stops_conic`, `perceptual_distance_in_space`, and `rgb_to_cmyk`
  --> 03_infra/src/export/mod.rs:36:51
   |
36 |     adaptive_n_for_stops, apply_parent_transform, bezier_control_points_for_arc,
   |                                                   ^^^^^^^^^^^^^^^^^^^^^^^^^^^^^
37 |     compute_axial_coords, compute_coons_patches_n_stops,
   |                           ^^^^^^^^^^^^^^^^^^^^^^^^^^^^^
38 |     compute_coons_patches_n_stops_extended, compute_radial_coords, dedup_key_for,
   |     ^^^^^^^^^^^^^^^^^^^^^^^^^^^^^^^^^^^^^^
...
41 |     multispace_sample_stops_conic, multispace_sample_stops_linear_cmyk,
   |     ^^^^^^^^^^^^^^^^^^^^^^^^^^^^^
42 |     multispace_sample_stops_radial, multispace_sample_stops_radial_cmyk,
43 |     pattern_resources_for_page, perceptual_distance_in_space, resolve_relative,
   |                                 ^^^^^^^^^^^^^^^^^^^^^^^^^^^^
44 |     rgb_to_cmyk, scan_all_gradients, DedupKey, GradientObject, GradientObjectKind,
   |     ^^^^^^^^^^^
45 |     PatternRef, RectKey,
   |                 ^^^^^^^

warning: unused imports: `PdfImagePayload` and `process_png_for_pdf`
  --> 03_infra/src/export/mod.rs:50:18
   |
50 |     jpeg_is_rgb, process_png_for_pdf, scan_all_images, srgb_icc_profile_bytes,
   |                  ^^^^^^^^^^^^^^^^^^^
51 |     xobject_resources_for_page, ImageFormat, ImageRef, ImageXObject, PdfImagePayload,
   |                                                                      ^^^^^^^^^^^^^^^

warning: unused imports: `FontScenario`, `draw_item_local`, `emit_glyph_pdf`, `emit_rounded_rect_ops`, `emit_shape_path_local`, `emit_stroke_paint`, `emit_text_pdf`, and `line_rg_prefix`
  --> 03_infra/src/export/mod.rs:54:24
   |
54 |     build_page_stream, draw_item_local, emit_glyph_pdf, emit_rounded_rect_ops,
   |                        ^^^^^^^^^^^^^^^  ^^^^^^^^^^^^^^  ^^^^^^^^^^^^^^^^^^^^^
55 |     emit_shape_path_local, emit_stroke_paint, emit_text_pdf, line_rg_prefix,
   |     ^^^^^^^^^^^^^^^^^^^^^  ^^^^^^^^^^^^^^^^^  ^^^^^^^^^^^^^  ^^^^^^^^^^^^^^
56 |     FontScenario, PageContext,
   |     ^^^^^^^^^^^^

warning: unused import: `axis_variations_for_font_variant`
  --> 03_infra/src/font_metrics.rs:26:5
   |
26 |     axis_variations_for_font_variant, axis_variations_for_text_style,
   |     ^^^^^^^^^^^^^^^^^^^^^^^^^^^^^^^^

warning: unused import: `PathBuf`
 --> 03_infra/src/fontdb.rs:9:23
  |
9 | use std::path::{Path, PathBuf};
  |                       ^^^^^^^

warning: unused import: `axis_variations_for_font_variant`
  --> 03_infra/src/shaper.rs:43:5
   |
43 |     axis_variations_for_font_variant, axis_variations_for_text_style,
   |     ^^^^^^^^^^^^^^^^^^^^^^^^^^^^^^^^

warning: use of deprecated variant `typst_core::entities::layout_types::FrameItem::Text`: Use FrameItem::TextShaped. Preserved as fallback for fonts not loaded or Type1.
   --> 03_infra/src/export/render.rs:181:20
    |
181 |         FrameItem::Text { .. } => {}
    |                    ^^^^
    |
    = note: `#[warn(deprecated)]` on by default

warning: use of deprecated variant `typst_core::entities::layout_types::FrameItem::Text`: Use FrameItem::TextShaped. Preserved as fallback for fonts not loaded or Type1.
   --> 03_infra/src/export/svg.rs:261:20
    |
261 |         FrameItem::Text { .. } => {
    |                    ^^^^

warning: unused variable: `intrinsic_width`
   --> 03_infra/src/export/stream.rs:622:13
    |
622 |             intrinsic_width,
    |             ^^^^^^^^^^^^^^^ help: try ignoring the field: `intrinsic_width: _`
    |
    = note: `#[warn(unused_variables)]` (part of `#[warn(unused)]`) on by default

warning: unused variable: `intrinsic_height`
   --> 03_infra/src/export/stream.rs:623:13
    |
623 |             intrinsic_height,
    |             ^^^^^^^^^^^^^^^^ help: try ignoring the field: `intrinsic_height: _`

warning: unused variable: `intrinsic_width`
    --> 03_infra/src/export/stream.rs:1182:13
     |
1182 |             intrinsic_width,
     |             ^^^^^^^^^^^^^^^ help: try ignoring the field: `intrinsic_width: _`

warning: unused variable: `intrinsic_height`
    --> 03_infra/src/export/stream.rs:1183:13
     |
1183 |             intrinsic_height,
     |             ^^^^^^^^^^^^^^^^ help: try ignoring the field: `intrinsic_height: _`

warning: variable does not need to be mutable
   --> 03_infra/src/export/svg.rs:353:9
    |
353 |     let mut y = 0.0;
    |         ----^
    |         |
    |         help: remove this `mut`
    |
    = note: `#[warn(unused_mut)]` (part of `#[warn(unused)]`) on by default

warning: unused variable: `variant`
   --> 03_infra/src/font_metrics.rs:711:13
    |
711 |         let variant = text_style_to_font_variant(style);
    |             ^^^^^^^ help: if this is intentional, prefix it with an underscore: `_variant`

warning: unused variable: `variant`
   --> 03_infra/src/font_metrics.rs:787:13
    |
787 |         let variant = text_style_to_font_variant(style);
    |             ^^^^^^^ help: if this is intentional, prefix it with an underscore: `_variant`

warning: function `multispace_sample_stops_conic` is never used
  --> 03_infra/src/export/gradients/conic.rs:17:15
   |
17 | pub(crate) fn multispace_sample_stops_conic(
   |               ^^^^^^^^^^^^^^^^^^^^^^^^^^^^^
   |
   = note: `#[warn(dead_code)]` (part of `#[warn(unused)]`) on by default

warning: function `subset_font` is never used
  --> 03_infra/src/export/subset.rs:79:8
   |
79 | pub fn subset_font(font_data: &[u8], used_glyphs: &BTreeSet<u16>) -> Option<Vec<u8>> {
   |        ^^^^^^^^^^^

warning: `typst-core` (lib) generated 31 warnings (run `cargo fix --lib -p typst-core` to apply 15 suggestions)
warning: `typst-infra` (lib) generated 32 warnings (run `cargo fix --lib -p typst-infra` to apply 28 suggestions)
   Compiling typst-wiring v0.1.0 (/home/dikluwe/Documentos/Antigravity/typst-crystalline-after/04_wiring)
    Finished `release` profile [optimized] target(s) in 1m 40s
[bench] a criar worktree /home/dikluwe/Documentos/Antigravity/typst-crystalline-before para c9df6fde
[bench] git worktree add -f /home/dikluwe/Documentos/Antigravity/typst-crystalline-before c9df6fde
[bench] a compilar release em /home/dikluwe/Documentos/Antigravity/typst-crystalline-before
[bench] cargo build --workspace --release
[bench] a criar worktree /home/dikluwe/Documentos/Antigravity/typst-crystalline-after para da18ea9f3
[bench] git worktree add -f /home/dikluwe/Documentos/Antigravity/typst-crystalline-after da18ea9f3
[bench] a compilar release em /home/dikluwe/Documentos/Antigravity/typst-crystalline-after
[bench] cargo build --workspace --release
[bench] 01-hello
Benchmark 1: before
  Time (mean ± σ):      98.4 ms ±   5.8 ms    [User: 21.0 ms, System: 75.9 ms]
  Range (min … max):    90.1 ms … 114.1 ms    32 runs
 
Benchmark 2: after
  Time (mean ± σ):     100.5 ms ±   5.0 ms    [User: 21.9 ms, System: 76.9 ms]
  Range (min … max):    93.9 ms … 113.6 ms    29 runs
 
Summary
  before ran
    1.02 ± 0.08 times faster than after
[bench] /home/dikluwe/.cargo/bin/hyperfine --warmup 5 --min-runs 20 --export-json /home/dikluwe/Documentos/Antigravity/typst-crystalline/tools/perf/results/p922923-canonical/01-hello.json --command-name before --command-name after /home/dikluwe/Documentos/Antigravity/typst-crystalline-before/target/release/typst /home/dikluwe/Documentos/Antigravity/typst-crystalline/tools/perf/corpus/p922923-canonical/01-hello.typ /dev/null /home/dikluwe/Documentos/Antigravity/typst-crystalline-after/target/release/typst /home/dikluwe/Documentos/Antigravity/typst-crystalline/tools/perf/corpus/p922923-canonical/01-hello.typ /dev/null
[bench] 01-hello: before=98.44ms after=100.48ms ratio=1.02x
[bench] 02-lorem
Benchmark 1: before
  Time (mean ± σ):     130.7 ms ±  30.8 ms    [User: 48.2 ms, System: 80.5 ms]
  Range (min … max):   115.8 ms … 264.3 ms    22 runs
 
  Warning: Statistical outliers were detected. Consider re-running this benchmark on a quiet system without any interferences from other programs. It might help to use the '--warmup' or '--prepare' options.
 
Benchmark 2: after
  Time (mean ± σ):     126.2 ms ±  11.6 ms    [User: 46.3 ms, System: 78.0 ms]
  Range (min … max):   116.1 ms … 174.4 ms    25 runs
 
  Warning: Statistical outliers were detected. Consider re-running this benchmark on a quiet system without any interferences from other programs. It might help to use the '--warmup' or '--prepare' options.
 
Summary
  after ran
    1.04 ± 0.26 times faster than before
[bench] /home/dikluwe/.cargo/bin/hyperfine --warmup 5 --min-runs 20 --export-json /home/dikluwe/Documentos/Antigravity/typst-crystalline/tools/perf/results/p922923-canonical/02-lorem.json --command-name before --command-name after /home/dikluwe/Documentos/Antigravity/typst-crystalline-before/target/release/typst /home/dikluwe/Documentos/Antigravity/typst-crystalline/tools/perf/corpus/p922923-canonical/02-lorem.typ /dev/null /home/dikluwe/Documentos/Antigravity/typst-crystalline-after/target/release/typst /home/dikluwe/Documentos/Antigravity/typst-crystalline/tools/perf/corpus/p922923-canonical/02-lorem.typ /dev/null
[bench] 02-lorem: before=130.67ms after=126.16ms ratio=0.97x
[bench] 03-images
Benchmark 1: before
  Time (mean ± σ):     103.2 ms ±   2.1 ms    [User: 24.6 ms, System: 76.8 ms]
  Range (min … max):   100.0 ms … 107.1 ms    28 runs
 
Benchmark 2: after
  Time (mean ± σ):     107.0 ms ±   4.1 ms    [User: 27.1 ms, System: 78.1 ms]
  Range (min … max):   100.2 ms … 118.5 ms    28 runs
 
Summary
  before ran
    1.04 ± 0.04 times faster than after
[bench] /home/dikluwe/.cargo/bin/hyperfine --warmup 5 --min-runs 20 --export-json /home/dikluwe/Documentos/Antigravity/typst-crystalline/tools/perf/results/p922923-canonical/03-images.json --command-name before --command-name after /home/dikluwe/Documentos/Antigravity/typst-crystalline-before/target/release/typst /home/dikluwe/Documentos/Antigravity/typst-crystalline/tools/perf/corpus/p922923-canonical/03-images.typ /dev/null /home/dikluwe/Documentos/Antigravity/typst-crystalline-after/target/release/typst /home/dikluwe/Documentos/Antigravity/typst-crystalline/tools/perf/corpus/p922923-canonical/03-images.typ /dev/null
[bench] 03-images: before=103.19ms after=106.96ms ratio=1.04x
[bench] 04-math
Benchmark 1: before
  Time (mean ± σ):     159.7 ms ±   3.2 ms    [User: 59.4 ms, System: 98.3 ms]
  Range (min … max):   154.6 ms … 164.1 ms    20 runs
 
Benchmark 2: after
  Time (mean ± σ):     166.4 ms ±   7.2 ms    [User: 63.3 ms, System: 101.2 ms]
  Range (min … max):   156.0 ms … 181.2 ms    20 runs
 
Summary
  before ran
    1.04 ± 0.05 times faster than after
[bench] /home/dikluwe/.cargo/bin/hyperfine --warmup 5 --min-runs 20 --export-json /home/dikluwe/Documentos/Antigravity/typst-crystalline/tools/perf/results/p922923-canonical/04-math.json --command-name before --command-name after /home/dikluwe/Documentos/Antigravity/typst-crystalline-before/target/release/typst /home/dikluwe/Documentos/Antigravity/typst-crystalline/tools/perf/corpus/p922923-canonical/04-math.typ /dev/null /home/dikluwe/Documentos/Antigravity/typst-crystalline-after/target/release/typst /home/dikluwe/Documentos/Antigravity/typst-crystalline/tools/perf/corpus/p922923-canonical/04-math.typ /dev/null
[bench] 04-math: before=159.68ms after=166.43ms ratio=1.04x
[bench] 05-tables
Benchmark 1: before
  Time (mean ± σ):     101.7 ms ±   5.2 ms    [User: 24.4 ms, System: 75.4 ms]
  Range (min … max):    97.2 ms … 125.4 ms    29 runs
 
Benchmark 2: after
  Time (mean ± σ):     104.9 ms ±   5.5 ms    [User: 25.8 ms, System: 77.5 ms]
  Range (min … max):    97.6 ms … 117.3 ms    29 runs
 
Summary
  before ran
    1.03 ± 0.08 times faster than after
[bench] /home/dikluwe/.cargo/bin/hyperfine --warmup 5 --min-runs 20 --export-json /home/dikluwe/Documentos/Antigravity/typst-crystalline/tools/perf/results/p922923-canonical/05-tables.json --command-name before --command-name after /home/dikluwe/Documentos/Antigravity/typst-crystalline-before/target/release/typst /home/dikluwe/Documentos/Antigravity/typst-crystalline/tools/perf/corpus/p922923-canonical/05-tables.typ /dev/null /home/dikluwe/Documentos/Antigravity/typst-crystalline-after/target/release/typst /home/dikluwe/Documentos/Antigravity/typst-crystalline/tools/perf/corpus/p922923-canonical/05-tables.typ /dev/null
[bench] 05-tables: before=101.68ms after=104.89ms ratio=1.03x
[bench] 06-long
Benchmark 1: before
  Time (mean ± σ):     325.4 ms ±   9.7 ms    [User: 241.1 ms, System: 82.5 ms]
  Range (min … max):   317.1 ms … 360.5 ms    20 runs
 
Benchmark 2: after
  Time (mean ± σ):     320.5 ms ±   8.1 ms    [User: 241.3 ms, System: 77.4 ms]
  Range (min … max):   310.9 ms … 337.8 ms    20 runs
 
Summary
  after ran
    1.02 ± 0.04 times faster than before
[bench] /home/dikluwe/.cargo/bin/hyperfine --warmup 5 --min-runs 20 --export-json /home/dikluwe/Documentos/Antigravity/typst-crystalline/tools/perf/results/p922923-canonical/06-long.json --command-name before --command-name after /home/dikluwe/Documentos/Antigravity/typst-crystalline-before/target/release/typst /home/dikluwe/Documentos/Antigravity/typst-crystalline/tools/perf/corpus/p922923-canonical/06-long.typ /dev/null /home/dikluwe/Documentos/Antigravity/typst-crystalline-after/target/release/typst /home/dikluwe/Documentos/Antigravity/typst-crystalline/tools/perf/corpus/p922923-canonical/06-long.typ /dev/null
[bench] 06-long: before=325.42ms after=320.54ms ratio=0.99x
[bench] 07-context
Benchmark 1: before
  Time (mean ± σ):     143.2 ms ±   6.3 ms    [User: 45.9 ms, System: 95.6 ms]
  Range (min … max):   134.4 ms … 159.9 ms    21 runs
 
Benchmark 2: after
  Time (mean ± σ):     140.5 ms ±   3.8 ms    [User: 46.7 ms, System: 92.2 ms]
  Range (min … max):   134.4 ms … 147.1 ms    21 runs
 
Summary
  after ran
    1.02 ± 0.05 times faster than before
[bench] /home/dikluwe/.cargo/bin/hyperfine --warmup 5 --min-runs 20 --export-json /home/dikluwe/Documentos/Antigravity/typst-crystalline/tools/perf/results/p922923-canonical/07-context.json --command-name before --command-name after /home/dikluwe/Documentos/Antigravity/typst-crystalline-before/target/release/typst /home/dikluwe/Documentos/Antigravity/typst-crystalline/tools/perf/corpus/p922923-canonical/07-context.typ /dev/null /home/dikluwe/Documentos/Antigravity/typst-crystalline-after/target/release/typst /home/dikluwe/Documentos/Antigravity/typst-crystalline/tools/perf/corpus/p922923-canonical/07-context.typ /dev/null
[bench] 07-context: before=143.24ms after=140.50ms ratio=0.98x

[bench] Attestation escrita em /home/dikluwe/Documentos/Antigravity/typst-crystalline/tools/perf/results/p922923-canonical/attestation.json
[
  {
    "name": "01-hello",
    "before_ms": 98.43602382499999,
    "after_ms": 100.47681759655177,
    "ratio": 1.0207321841359613
  },
  {
    "name": "02-lorem",
    "before_ms": 130.66600919636366,
    "after_ms": 126.16197920000002,
    "ratio": 0.9655302092406065
  },
  {
    "name": "03-images",
    "before_ms": 103.18529875285712,
    "after_ms": 106.96425496714288,
    "ratio": 1.0366230098663267
  },
  {
    "name": "04-math",
    "before_ms": 159.68229951000004,
    "after_ms": 166.42855041,
    "ratio": 1.042247956853712
  },
  {
    "name": "05-tables",
    "before_ms": 101.67654771034483,
    "after_ms": 104.89238153793103,
    "ratio": 1.0316280784507694
  },
  {
    "name": "06-long",
    "before_ms": 325.41627509,
    "after_ms": 320.54175809,
    "ratio": 0.9850206723721735
  },
  {
    "name": "07-context",
    "before_ms": 143.2352486057143,
    "after_ms": 140.50049746285714,
    "ratio": 0.9809072754822722
  }
]
[bench] a remover worktree /home/dikluwe/Documentos/Antigravity/typst-crystalline-before
[bench] git worktree remove -f /home/dikluwe/Documentos/Antigravity/typst-crystalline-before
[bench] a remover worktree /home/dikluwe/Documentos/Antigravity/typst-crystalline-after
[bench] git worktree remove -f /home/dikluwe/Documentos/Antigravity/typst-crystalline-after
